// Vitest Snapshot v1, https://vitest.dev/guide/snapshot.html

exports[`単位変換スナップショット > 2.5兆円の変換結果 1`] = `2500000000000`;

exports[`単位変換スナップショット > 150億円の変換結果 1`] = `15000000000`;

exports[`単位変換スナップショット > 3790百万円の変換結果 1`] = `3790000000`;

exports[`単位変換スナップショット > 50000千円の変換結果 1`] = `50000000`;
